================ Tokens ================
1:0 Class{class}
1:6 Identifier{Foo}
1:10 LCurly{{}
3:4 VoidType{void}
3:9 Identifier{check}
3:14 LParen{(}
3:15 RParen{)}
3:17 LCurly{{}
4:1 If{if}
4:4 LParen{(}
4:5 BooleanLiteral{true}
4:10 RelEq{==}
4:13 BooleanLiteral{false}
4:18 RParen{)}
5:5 Return{return}
5:11 Semicolon{;}
6:1 Else{else}
7:5 Return{return}
7:12 New{new}
7:16 Identifier{Foo}
7:19 LParen{(}
7:20 RParen{)}
7:21 Semicolon{;}
8:4 RCurly{}}
9:0 RCurly{}}
10:0 End{EOF}
================ Debug ================
================ Errors ================
======= AST Display =========================
Package
  ClassDeclList [1]
  . ClassDecl
  .   "Foo" classname
  .   FieldDeclList [0]
  .   MethodDeclList [1]
  .   . (public) MethodDecl
  .   .   VOID BaseType
  .   .   "check" methodname
  .   .   ParameterDeclList [0]
  .   .   StmtList [1]
  .   .   . IfStmt
  .   .   .   BinaryExpr
  .   .   .     "==" Operator
  .   .   .       LiteralExpr
  .   .   .         "true" BooleanLiteral
  .   .   .       LiteralExpr
  .   .   .         "false" BooleanLiteral
  .   .   .   ReturnStmt
  .   .   .   ReturnStmt
  .   .   .     NewObjectExpr
  .   .   .       ClassType
  .   .   .         "Foo" Identifier
=============================================
