================ Tokens ================
1:0 Class{class}
1:6 Identifier{id}
1:9 LCurly{{}
2:4 VoidType{void}
2:9 Identifier{p}
2:10 LParen{(}
2:11 RParen{)}
2:12 LCurly{{}
3:8 IntType{int}
3:12 Identifier{x}
3:14 AssignmentOp{=}
3:17 Minus{-}
3:18 Identifier{b}
3:20 Minus{-}
3:22 Minus{-}
3:24 Identifier{b}
3:25 Semicolon{;}
4:4 RCurly{}}
5:0 RCurly{}}
6:0 End{EOF}
================ Debug ================
================ Errors ================
======= AST Display =========================
Package
  ClassDeclList [1]
  . ClassDecl
  .   "id" classname
  .   FieldDeclList [0]
  .   MethodDeclList [1]
  .   . (public) MethodDecl
  .   .   VOID BaseType
  .   .   "p" methodname
  .   .   ParameterDeclList [0]
  .   .   StmtList [1]
  .   .   . VarDeclStmt
  .   .   .   VarDecl
  .   .   .     INT BaseType
  .   .   .     "x" varname
  .   .   .   BinaryExpr
  .   .   .     "-" Operator
  .   .   .       UnaryExpr
  .   .   .         "-" Operator
  .   .   .           RefExpr
  .   .   .             IdRef
  .   .   .               "b" Identifier
  .   .   .       UnaryExpr
  .   .   .         "-" Operator
  .   .   .           RefExpr
  .   .   .             IdRef
  .   .   .               "b" Identifier
=============================================
