================ Tokens ================
1:12 IntType{int}
1:16 Identifier{testVal}
2:4 Public{public}
2:11 Identifier{String}
2:18 Identifier{str1}
7:4 Private{private}
7:12 IntType{int}
7:16 Identifier{foo}
7:24 Identifier{val}
8:15 Identifier{testVal}
8:23 Plus{+}
8:25 Identifier{val}
8:29 Star{*}
8:31 IntLiteral{3}
8:32 Semicolon{;}
11:11 Static{static}
11:18 VoidType{void}
11:23 Identifier{main}
11:34 LBracket{[}
11:35 RBracket{]}
12:12 Identifier{x}
12:17 Semicolon{;}
13:16 Equals{=}
13:19 Semicolon{;}
14:12 Dot{.}
14:13 Identifier{buzz}
14:18 Identifier{arr}
14:22 IntLiteral{0}
14:23 RBracket{]}
14:34 Dot{.}
14:35 Identifier{toString}
14:44 Identifier{foo}
14:47 LParen{(}
14:48 IntLiteral{8}
14:49 FSlash{/}
14:50 Identifier{x}
14:51 RParen{)}
16:11 LParen{(}
16:20 GreaterOrEquals{>=}
16:23 IntLiteral{9}
16:24 RParen{)}
17:12 Return{return}
17:19 BooleanLiteral{true}
17:23 Semicolon{;}
18:15 LCurly{{}
19:12 Return{return}
19:19 BooleanLiteral{false}
19:24 Semicolon{;}
================ Debug ================
================ Errors ================